// Jest Snapshot v1, https://goo.gl/fbAQLP

exports[`Navbar Snapshot Check Navbar Snapshot 1`] = `
<div
  className="navbar"
>
  <section
    className="navbar__logo"
  >
    <a
      href="/home"
      onClick={[Function]}
    >
      Reddet
    </a>
  </section>
  <section
    className="navbar__profile"
  >
    <div
      className="navbar__profile--settings"
    >
      <a
        className="navbar__profile--settings-dropdown"
      >
        <img
          alt="user profile"
          src={Object {}}
        />
        <svg
          fill="currentColor"
          height="1em"
          stroke="currentColor"
          strokeWidth="0"
          style={
            Object {
              "color": undefined,
            }
          }
          viewBox="0 0 24 24"
          width="1em"
          xmlns="http://www.w3.org/2000/svg"
        >
          <path
            d="M7 10l5 5 5-5z"
          />
        </svg>
      </a>
      <div
        className="profile-dropdown-content"
      >
        <a
          href="/profile"
          onClick={[Function]}
        >
          <svg
            fill="currentColor"
            height="1em"
            stroke="currentColor"
            strokeWidth="0"
            style={
              Object {
                "color": undefined,
              }
            }
            viewBox="0 0 16 16"
            width="1em"
            xmlns="http://www.w3.org/2000/svg"
          >
            <path
              d="M13.23 1h-1.46L3.52 9.25l-.16.22L1 13.59 2.41 15l4.12-2.36.22-.16L15 4.23V2.77L13.23 1zM2.41 13.59l1.51-3 1.45 1.45-2.96 1.55zm3.83-2.06L4.47 9.76l8-8 1.77 1.77-8 8z"
            />
          </svg>
           Editar perfil
        </a>
        <a
          href="/auth"
          onClick={[Function]}
        >
          <svg
            fill="none"
            height="1em"
            stroke="currentColor"
            strokeWidth="0"
            style={
              Object {
                "color": undefined,
              }
            }
            viewBox="0 0 24 24"
            width="1em"
            xmlns="http://www.w3.org/2000/svg"
          >
            <path
              d="M8.51428 20H4.51428C3.40971 20 2.51428 19.1046 2.51428 18V6C2.51428 4.89543 3.40971 4 4.51428 4H8.51428V6H4.51428V18H8.51428V20Z"
              fill="currentColor"
            />
            <path
              d="M13.8418 17.385L15.262 15.9768L11.3428 12.0242L20.4857 12.0242C21.038 12.0242 21.4857 11.5765 21.4857 11.0242C21.4857 10.4719 21.038 10.0242 20.4857 10.0242L11.3236 10.0242L15.304 6.0774L13.8958 4.6572L7.5049 10.9941L13.8418 17.385Z"
              fill="currentColor"
            />
          </svg>
          Cerrar sesi√≥n
        </a>
      </div>
    </div>
  </section>
</div>
`;
